// Jest Snapshot v1, https://goo.gl/fbAQLP

exports[`Snapshot Test renders correctly 1`] = `
<transition-plus-stub
  beforeenter="function () { [native code] }"
  useragent=""
>
  <li
    style="z-index: 1; opacity: 0; display: block; position: absolute; top: 0px; left: 0px; transition: opacity 0ms linear,transform 0ms linear; transform: translateX(1px) translateY(11px);"
  />
</transition-plus-stub>
`;
